Info: Start Nativelink Simulation process

========= EDA Simulation Settings =====================

Sim Mode              :  Gate
Family                :  cycloneive
Quartus root          :  c:/altera/13.1/quartus/bin64/
Quartus sim root      :  c:/altera/13.1/quartus/eda/sim_lib
Simulation Tool       :  modelsim-altera
Simulation Language   :  vhdl
Version               :  93
Simulation Mode       :  GUI
Sim Output File       :  node_5.vho
Sim SDF file          :  node_5__vhdl.sdo
Sim dir               :  simulation\modelsim

=======================================================

Info: Starting NativeLink simulation with ModelSim-Altera software
Sourced NativeLink script c:/altera/13.1/quartus/common/tcl/internal/nativelink/modelsim.tcl
Warning: File node_5_run_msim_gate_vhdl.do already exists - backing up current file as node_5_run_msim_gate_vhdl.do.bak11
Probing transcript
ModelSim-Altera Info: # Reading C:/altera/15.0/modelsim_ase/tcl/vsim/pref.tcl
ModelSim-Altera Info: # do node_5_run_msim_gate_vhdl.do
ModelSim-Altera Info: # if {[file exists gate_work]} {
ModelSim-Altera Info: # 	vdel -lib gate_work -all
ModelSim-Altera Info: # }
ModelSim-Altera Info: # vlib gate_work
ModelSim-Altera Info: # vmap work gate_work
ModelSim-Altera Info: # Model Technology ModelSim PE vmap 10.3d Lib Mapping Utility 2014.10 Oct  7 2014
ModelSim-Altera Info: # vmap -modelsim_quiet work gate_work 
ModelSim-Altera Info: # Copying C:/altera/15.0/modelsim_ase/win32aloem/../modelsim.ini to modelsim.ini
ModelSim-Altera Info: # Modifying modelsim.ini
ModelSim-Altera Warning: # ** Warning: Copied C:/altera/15.0/modelsim_ase/win32aloem/../modelsim.ini to modelsim.ini.
ModelSim-Altera Info: #          Updated modelsim.ini.
ModelSim-Altera Info: # 
ModelSim-Altera Info: # vcom -93 -work work {node_5.vho}
ModelSim-Altera Info: # Model Technology ModelSim ALTERA vcom 10.3d Compiler 2014.10 Oct  7 2014
ModelSim-Altera Info: # Start time: 14:39:02 on Jul 07,2023
ModelSim-Altera Info: # vcom -reportprogress 300 -93 -work work node_5.vho 
ModelSim-Altera Info: # -- Loading package STANDARD
ModelSim-Altera Info: # -- Loading package TEXTIO
ModelSim-Altera Info: # -- Loading package std_logic_1164
ModelSim-Altera Info: # -- Loading package VITAL_Timing
ModelSim-Altera Info: # -- Loading package VITAL_Primitives
ModelSim-Altera Info: # -- Loading package dffeas_pack
ModelSim-Altera Info: # -- Loading package altera_primitives_components
ModelSim-Altera Info: # -- Loading package cycloneive_atom_pack
ModelSim-Altera Info: # -- Loading package cycloneive_components
ModelSim-Altera Info: # -- Compiling entity node_5
ModelSim-Altera Info: # -- Compiling architecture structure of node_5
ModelSim-Altera Info: # End time: 14:39:03 on Jul 07,2023, Elapsed time: 0:00:01
ModelSim-Altera Info: # Errors: 0, Warnings: 0
ModelSim-Altera Info: # 
ModelSim-Altera Info: # vcom -93 -work work {C:/altera/13.1/final_project/test_node_5.vhd}
ModelSim-Altera Info: # Model Technology ModelSim ALTERA vcom 10.3d Compiler 2014.10 Oct  7 2014
ModelSim-Altera Info: # Start time: 14:39:03 on Jul 07,2023
ModelSim-Altera Info: # vcom -reportprogress 300 -93 -work work C:/altera/13.1/final_project/test_node_5.vhd 
ModelSim-Altera Info: # -- Loading package STANDARD
ModelSim-Altera Info: # -- Loading package TEXTIO
ModelSim-Altera Info: # -- Loading package std_logic_1164
ModelSim-Altera Info: # -- Compiling entity test_node_5
ModelSim-Altera Info: # -- Compiling architecture arch_test_node_5 of test_node_5
ModelSim-Altera Warning: # ** Warning: [4] C:/altera/13.1/final_project/test_node_5.vhd(132): (vcom-1207) An abstract literal and an identifier must have a separator between them.
ModelSim-Altera Warning: # ** Warning: [4] C:/altera/13.1/final_project/test_node_5.vhd(134): (vcom-1207) An abstract literal and an identifier must have a separator between them.
ModelSim-Altera Warning: # ** Warning: [4] C:/altera/13.1/final_project/test_node_5.vhd(142): (vcom-1207) An abstract literal and an identifier must have a separator between them.
ModelSim-Altera Warning: # ** Warning: [4] C:/altera/13.1/final_project/test_node_5.vhd(144): (vcom-1207) An abstract literal and an identifier must have a separator between them.
ModelSim-Altera Warning: # ** Warning: [4] C:/altera/13.1/final_project/test_node_5.vhd(173): (vcom-1207) An abstract literal and an identifier must have a separator between them.
ModelSim-Altera Warning: # ** Warning: [4] C:/altera/13.1/final_project/test_node_5.vhd(176): (vcom-1207) An abstract literal and an identifier must have a separator between them.
ModelSim-Altera Warning: # ** Warning: [4] C:/altera/13.1/final_project/test_node_5.vhd(183): (vcom-1207) An abstract literal and an identifier must have a separator between them.
ModelSim-Altera Warning: # ** Warning: [4] C:/altera/13.1/final_project/test_node_5.vhd(186): (vcom-1207) An abstract literal and an identifier must have a separator between them.
ModelSim-Altera Warning: # ** Warning: [4] C:/altera/13.1/final_project/test_node_5.vhd(191): (vcom-1207) An abstract literal and an identifier must have a separator between them.
ModelSim-Altera Warning: # ** Warning: [4] C:/altera/13.1/final_project/test_node_5.vhd(194): (vcom-1207) An abstract literal and an identifier must have a separator between them.
ModelSim-Altera Warning: # ** Warning: [4] C:/altera/13.1/final_project/test_node_5.vhd(199): (vcom-1207) An abstract literal and an identifier must have a separator between them.
ModelSim-Altera Info: # End time: 14:39:03 on Jul 07,2023, Elapsed time: 0:00:00
ModelSim-Altera Info: # Errors: 0, Warnings: 11
ModelSim-Altera Info: # 
ModelSim-Altera Info: # vsim -t 1ps +transport_int_delays +transport_path_delays -sdftyp /uut=node_5_vhd.sdo -L altera -L cycloneive -L gate_work -L work -voptargs="+acc"  test_node_5
ModelSim-Altera Info: # vsim -gui -l msim_transcript -do "node_5_run_msim_gate_vhdl.do" 
ModelSim-Altera Info: # Start time: 14:39:03 on Jul 07,2023
ModelSim-Altera Info: # Loading std.standard
ModelSim-Altera Info: # Loading std.textio(body)
ModelSim-Altera Info: # Loading ieee.std_logic_1164(body)
ModelSim-Altera Info: # Loading work.test_node_5(arch_test_node_5)
ModelSim-Altera Info: # SDF 10.3d Compiler 2014.10 Oct  7 2014
ModelSim-Altera Info: # 
ModelSim-Altera Info: # Loading ieee.vital_timing(body)
ModelSim-Altera Info: # Loading ieee.vital_primitives(body)
ModelSim-Altera Info: # Loading altera.dffeas_pack
ModelSim-Altera Info: # Loading altera.altera_primitives_components
ModelSim-Altera Info: # Loading cycloneive.cycloneive_atom_pack(body)
ModelSim-Altera Info: # Loading cycloneive.cycloneive_components
ModelSim-Altera Info: # Loading work.node_5(structure)
ModelSim-Altera Warning: # ** Warning: (vsim-8713) C:/altera/13.1/final_project/test_node_5.vhd(125): Suspect default binding for component instance 'uut'.
ModelSim-Altera Info: # 
ModelSim-Altera Info: #    Entity has no generics at all; the component has generics:
ModelSim-Altera Info: #           ADDR_WIDTH
ModelSim-Altera Info: #           DATA_WIDTH
ModelSim-Altera Info: # 
ModelSim-Altera Info: #         Region: /test_node_5/uut
ModelSim-Altera Info: # Loading ieee.std_logic_arith(body)
ModelSim-Altera Info: # Loading cycloneive.cycloneive_io_obuf(arch)
ModelSim-Altera Info: # Loading cycloneive.cycloneive_io_ibuf(arch)
ModelSim-Altera Info: # Loading cycloneive.cycloneive_clkctrl(vital_clkctrl)
ModelSim-Altera Info: # Loading cycloneive.cycloneive_ena_reg(behave)
ModelSim-Altera Info: # Loading cycloneive.cycloneive_lcell_comb(vital_lcell_comb)
ModelSim-Altera Info: # Loading altera.dffeas(vital_dffeas)
ModelSim-Altera Info: # Loading instances from node_5_vhd.sdo
ModelSim-Altera Info: # Loading timing data from node_5_vhd.sdo
ModelSim-Altera Warning: # ** Warning: Design size of 111908 statements exceeds ModelSim Altera Starter recommended capacity.
ModelSim-Altera Info: # Expect performance to be adversely affected.
ModelSim-Altera Info: # ** Note: (vsim-3587) SDF Backannotation Successfully Completed.
ModelSim-Altera Info: #    Time: 0 ps  Iteration: 0  Instance: /test_node_5 File: C:/altera/13.1/final_project/test_node_5.vhd
ModelSim-Altera Info: # 
ModelSim-Altera Info: # add wave *
ModelSim-Altera Warning: # ** Warning: (vsim-WLF-5000) WLF file currently in use: vsim.wlf
ModelSim-Altera Info: # 
ModelSim-Altera Info: #           File in use by: sms1101  Hostname: DESKTOP-2G2937P  ProcessID: 3272
ModelSim-Altera Info: # 
ModelSim-Altera Info: #           Attempting to use alternate WLF file "./wlfttbv5eg".
ModelSim-Altera Warning: # ** Warning: (vsim-WLF-5001) Could not open WLF file: vsim.wlf
ModelSim-Altera Info: # 
ModelSim-Altera Info: #           Using alternate file: ./wlfttbv5eg
ModelSim-Altera Info: # 
ModelSim-Altera Info: # view structure
ModelSim-Altera Info: # .main_pane.structure.interior.cs.body.struct
ModelSim-Altera Info: # view signals
ModelSim-Altera Info: # .main_pane.objects.interior.cs.body.tree
ModelSim-Altera Info: # run 3000 ns
ModelSim-Altera Error: # ** Error: test_clk4_push_y failed ...
ModelSim-Altera Info: #    Time: 1050 ns  Iteration: 0  Instance: /test_node_5
ModelSim-Altera Error: # ** Error: test_clk4_data_y failed ...
ModelSim-Altera Info: #    Time: 1050 ns  Iteration: 0  Instance: /test_node_5
ModelSim-Altera Error: # ** Error: test_clk5_push_x failed ...
ModelSim-Altera Info: #    Time: 1450 ns  Iteration: 0  Instance: /test_node_5
ModelSim-Altera Error: # ** Error: test_clk5_data_x failed ...
ModelSim-Altera Info: #    Time: 1450 ns  Iteration: 0  Instance: /test_node_5
ModelSim-Altera Error: # ** Error: test_clk4_push_w failed ...
ModelSim-Altera Info: #    Time: 1650 ns  Iteration: 0  Instance: /test_node_5
ModelSim-Altera Error: # ** Error: test_clk4_data_w failed ...
ModelSim-Altera Info: #    Time: 1650 ns  Iteration: 0  Instance: /test_node_5
ModelSim-Altera Info: # End time: 14:39:39 on Jul 07,2023, Elapsed time: 0:00:36
ModelSim-Altera Info: # Errors: 6, Warnings: 4
Error: Errors encountered while running modelsim do file
Error: NativeLink simulation flow was NOT successful



================The following additional information is provided to help identify the cause of error while running nativelink scripts=================
Nativelink TCL script failed with errorCode:  1
Nativelink TCL script failed with errorInfo:  1
    (procedure "launch_sim" line 1)
    invoked from within
"launch_sim launch_args_hash"
    ("eval" body line 1)
    invoked from within
"eval launch_sim launch_args_hash"
    invoked from within
"if [ info exists ::errorCode ] {
				set savedCode $::errorCode
				set savedInfo $::errorInfo
				error $result $savedInfo $savedCode
			} else {
			..."
    invoked from within
"if [catch {eval launch_sim launch_args_hash} result ] {
			set status 1
			if [ info exists ::errorCode ] {
				set savedCode $::errorCode
				set sav..."
    (procedure "run_sim" line 78)
    invoked from within
"run_sim run_sim_args_hash"
    invoked from within
"if [ info exists ::errorCode ] {
			set savedCode $::errorCode
			set savedInfo $::errorInfo
			error "$result" $savedInfo $savedCode
		} else {
			er..."
    (procedure "run_eda_simulation_tool" line 330)
    invoked from within
"run_eda_simulation_tool eda_opts_hash"
